{
  "created_by": "test-user",
  "created_timestamp": 1635926694,
  "filename": "sample-1.dcm",
  "id": 1,
  "size": 256000,
  "tags": [
    {
      "id": 1,
      "name": "foo"
    },
    {
      "id": 2,
      "name": "bar"
    },
    {
      "id": 3,
      "name": "baz"
    }
  ],
  "uploaded_timestamp": 1635926694
}